
> backend@1.0.0 test
> jest

FAIL __tests__/regression/modules-refactored.test.js
  ● Test suite failed to run

    ● Validation Error:

      Test environment jest-environment-jsdom cannot be found. Make sure the testEnvironment configuration option points to an existing node module.

      Configuration Documentation:
      https://jestjs.io/docs/configuration


    As of Jest 28 "jest-environment-jsdom" is no longer shipped by default, make sure to install it separately.

        Test environment jest-environment-jsdom cannot be found. Make sure the testEnvironment configuration option points to an existing node module.
        Configuration Documentation:
        https://jestjs.io/docs/configuration
      As of Jest 28 "jest-environment-jsdom" is no longer shipped by default, make sure to install it separately.

PASS __tests__/smoke/system.test.js
